ft_util_number.c: OK!
